MySQL Shell 8.0.31

Copyright (c) 2016, 2022, Oracle and/or its affiliates.
Oracle is a registered trademark of Oracle Corporation and/or its affiliates.
Other names may be trademarks of their respective owners.

Type '\help' or '\?' for help; '\quit' to exit.
 MySQL  JS > \sql
Switching to SQL mode... Commands end with ;
 MySQL  SQL > \connect --mc root@localhost
Creating a Classic session to 'root@localhost'
Please provide the password for 'root@localhost': ****
Save password for 'root@localhost'? [Y]es/[N]o/Ne[v]er (default No): n
Fetching global names for auto-completion... Press ^C to stop.
Your MySQL connection id is 8
Server version: 8.0.31 MySQL Community Server - GPL
No default schema selected; type \use <schema> to set one.
 MySQL  localhost:3306 ssl  SQL > \use sakila
Default schema set to `sakila`.
Fetching global names, object names from `sakila` for auto-completion... Press ^C to stop.
 MySQL  localhost:3306 ssl  sakila  SQL > select count(*) from payment;
+----------+
| count(*) |
+----------+
|    16044 |
+----------+
1 row in set (0.2926 sec)
 MySQL  localhost:3306 ssl  sakila  SQL > desc payment;
+--------------+-------------------+------+-----+-------------------+-----------------------------------------------+
| Field        | Type              | Null | Key | Default           | Extra                                         |
+--------------+-------------------+------+-----+-------------------+-----------------------------------------------+
| payment_id   | smallint unsigned | NO   | PRI | NULL              | auto_increment                                |
| customer_id  | smallint unsigned | NO   | MUL | NULL              |                                               |
| staff_id     | tinyint unsigned  | NO   | MUL | NULL              |                                               |
| rental_id    | int               | YES  | MUL | NULL              |                                               |
| amount       | decimal(5,2)      | NO   |     | NULL              |                                               |
| payment_date | datetime          | NO   |     | NULL              |                                               |
| last_update  | timestamp         | YES  |     | CURRENT_TIMESTAMP | DEFAULT_GENERATED on update CURRENT_TIMESTAMP |
+--------------+-------------------+------+-----+-------------------+-----------------------------------------------+
7 rows in set (0.0200 sec)
 MySQL  localhost:3306 ssl  sakila  SQL > select distinct(customer_id) from payment;
+-------------+
| customer_id |
+-------------+
|           1 |
|           2 |
|           3 |
|           4 |
|           5 |
|           6 |
|           7 |
|           8 |
|           9 |
|          10 |
|          11 |
|          12 |
|          13 |
|          14 |
|          15 |
|          16 |
|          17 |
|          18 |
|          19 |
|          20 |
|          21 |
|          22 |
|          23 |
|          24 |
|          25 |
|          26 |
|          27 |
|          28 |
|          29 |
|          30 |
|          31 |
|          32 |
|          33 |
|          34 |
|          35 |
|          36 |
|          37 |
|          38 |
|          39 |
|          40 |
|          41 |
|          42 |
|          43 |
|          44 |
|          45 |
|          46 |
|          47 |
|          48 |
|          49 |
|          50 |
|          51 |
|          52 |
|          53 |
|          54 |
|          55 |
|          56 |
|          57 |
|          58 |
|          59 |
|          60 |
|          61 |
|          62 |
|          63 |
|          64 |
|          65 |
|          66 |
|          67 |
|          68 |
|          69 |
|          70 |
|          71 |
|          72 |
|          73 |
|          74 |
|          75 |
|          76 |
|          77 |
|          78 |
|          79 |
|          80 |
|          81 |
|          82 |
|          83 |
|          84 |
|          85 |
|          86 |
|          87 |
|          88 |
|          89 |
|          90 |
|          91 |
|          92 |
|          93 |
|          94 |
|          95 |
|          96 |
|          97 |
|          98 |
|          99 |
|         100 |
|         101 |
|         102 |
|         103 |
|         104 |
|         105 |
|         106 |
|         107 |
|         108 |
|         109 |
|         110 |
|         111 |
|         112 |
|         113 |
|         114 |
|         115 |
|         116 |
|         117 |
|         118 |
|         119 |
|         120 |
|         121 |
|         122 |
|         123 |
|         124 |
|         125 |
|         126 |
|         127 |
|         128 |
|         129 |
|         130 |
|         131 |
|         132 |
|         133 |
|         134 |
|         135 |
|         136 |
|         137 |
|         138 |
|         139 |
|         140 |
|         141 |
|         142 |
|         143 |
|         144 |
|         145 |
|         146 |
|         147 |
|         148 |
|         149 |
|         150 |
|         151 |
|         152 |
|         153 |
|         154 |
|         155 |
|         156 |
|         157 |
|         158 |
|         159 |
|         160 |
|         161 |
|         162 |
|         163 |
|         164 |
|         165 |
|         166 |
|         167 |
|         168 |
|         169 |
|         170 |
|         171 |
|         172 |
|         173 |
|         174 |
|         175 |
|         176 |
|         177 |
|         178 |
|         179 |
|         180 |
|         181 |
|         182 |
|         183 |
|         184 |
|         185 |
|         186 |
|         187 |
|         188 |
|         189 |
|         190 |
|         191 |
|         192 |
|         193 |
|         194 |
|         195 |
|         196 |
|         197 |
|         198 |
|         199 |
|         200 |
|         201 |
|         202 |
|         203 |
|         204 |
|         205 |
|         206 |
|         207 |
|         208 |
|         209 |
|         210 |
|         211 |
|         212 |
|         213 |
|         214 |
|         215 |
|         216 |
|         217 |
|         218 |
|         219 |
|         220 |
|         221 |
|         222 |
|         223 |
|         224 |
|         225 |
|         226 |
|         227 |
|         228 |
|         229 |
|         230 |
|         231 |
|         232 |
|         233 |
|         234 |
|         235 |
|         236 |
|         237 |
|         238 |
|         239 |
|         240 |
|         241 |
|         242 |
|         243 |
|         244 |
|         245 |
|         246 |
|         247 |
|         248 |
|         249 |
|         250 |
|         251 |
|         252 |
|         253 |
|         254 |
|         255 |
|         256 |
|         257 |
|         258 |
|         259 |
|         260 |
|         261 |
|         262 |
|         263 |
|         264 |
|         265 |
|         266 |
|         267 |
|         268 |
|         269 |
|         270 |
|         271 |
|         272 |
|         273 |
|         274 |
|         275 |
|         276 |
|         277 |
|         278 |
|         279 |
|         280 |
|         281 |
|         282 |
|         283 |
|         284 |
|         285 |
|         286 |
|         287 |
|         288 |
|         289 |
|         290 |
|         291 |
|         292 |
|         293 |
|         294 |
|         295 |
|         296 |
|         297 |
|         298 |
|         299 |
|         300 |
|         301 |
|         302 |
|         303 |
|         304 |
|         305 |
|         306 |
|         307 |
|         308 |
|         309 |
|         310 |
|         311 |
|         312 |
|         313 |
|         314 |
|         315 |
|         316 |
|         317 |
|         318 |
|         319 |
|         320 |
|         321 |
|         322 |
|         323 |
|         324 |
|         325 |
|         326 |
|         327 |
|         328 |
|         329 |
|         330 |
|         331 |
|         332 |
|         333 |
|         334 |
|         335 |
|         336 |
|         337 |
|         338 |
|         339 |
|         340 |
|         341 |
|         342 |
|         343 |
|         344 |
|         345 |
|         346 |
|         347 |
|         348 |
|         349 |
|         350 |
|         351 |
|         352 |
|         353 |
|         354 |
|         355 |
|         356 |
|         357 |
|         358 |
|         359 |
|         360 |
|         361 |
|         362 |
|         363 |
|         364 |
|         365 |
|         366 |
|         367 |
|         368 |
|         369 |
|         370 |
|         371 |
|         372 |
|         373 |
|         374 |
|         375 |
|         376 |
|         377 |
|         378 |
|         379 |
|         380 |
|         381 |
|         382 |
|         383 |
|         384 |
|         385 |
|         386 |
|         387 |
|         388 |
|         389 |
|         390 |
|         391 |
|         392 |
|         393 |
|         394 |
|         395 |
|         396 |
|         397 |
|         398 |
|         399 |
|         400 |
|         401 |
|         402 |
|         403 |
|         404 |
|         405 |
|         406 |
|         407 |
|         408 |
|         409 |
|         410 |
|         411 |
|         412 |
|         413 |
|         414 |
|         415 |
|         416 |
|         417 |
|         418 |
|         419 |
|         420 |
|         421 |
|         422 |
|         423 |
|         424 |
|         425 |
|         426 |
|         427 |
|         428 |
|         429 |
|         430 |
|         431 |
|         432 |
|         433 |
|         434 |
|         435 |
|         436 |
|         437 |
|         438 |
|         439 |
|         440 |
|         441 |
|         442 |
|         443 |
|         444 |
|         445 |
|         446 |
|         447 |
|         448 |
|         449 |
|         450 |
|         451 |
|         452 |
|         453 |
|         454 |
|         455 |
|         456 |
|         457 |
|         458 |
|         459 |
|         460 |
|         461 |
|         462 |
|         463 |
|         464 |
|         465 |
|         466 |
|         467 |
|         468 |
|         469 |
|         470 |
|         471 |
|         472 |
|         473 |
|         474 |
|         475 |
|         476 |
|         477 |
|         478 |
|         479 |
|         480 |
|         481 |
|         482 |
|         483 |
|         484 |
|         485 |
|         486 |
|         487 |
|         488 |
|         489 |
|         490 |
|         491 |
|         492 |
|         493 |
|         494 |
|         495 |
|         496 |
|         497 |
|         498 |
|         499 |
|         500 |
|         501 |
|         502 |
|         503 |
|         504 |
|         505 |
|         506 |
|         507 |
|         508 |
|         509 |
|         510 |
|         511 |
|         512 |
|         513 |
|         514 |
|         515 |
|         516 |
|         517 |
|         518 |
|         519 |
|         520 |
|         521 |
|         522 |
|         523 |
|         524 |
|         525 |
|         526 |
|         527 |
|         528 |
|         529 |
|         530 |
|         531 |
|         532 |
|         533 |
|         534 |
|         535 |
|         536 |
|         537 |
|         538 |
|         539 |
|         540 |
|         541 |
|         542 |
|         543 |
|         544 |
|         545 |
|         546 |
|         547 |
|         548 |
|         549 |
|         550 |
|         551 |
|         552 |
|         553 |
|         554 |
|         555 |
|         556 |
|         557 |
|         558 |
|         559 |
|         560 |
|         561 |
|         562 |
|         563 |
|         564 |
|         565 |
|         566 |
|         567 |
|         568 |
|         569 |
|         570 |
|         571 |
|         572 |
|         573 |
|         574 |
|         575 |
|         576 |
|         577 |
|         578 |
|         579 |
|         580 |
|         581 |
|         582 |
|         583 |
|         584 |
|         585 |
|         586 |
|         587 |
|         588 |
|         589 |
|         590 |
|         591 |
|         592 |
|         593 |
|         594 |
|         595 |
|         596 |
|         597 |
|         598 |
|         599 |
+-------------+
599 rows in set (0.0718 sec)
 MySQL  localhost:3306 ssl  sakila  SQL > select sum(amount) from payment;
+-------------+
| sum(amount) |
+-------------+
|    67406.56 |
+-------------+
1 row in set (0.0269 sec)
 MySQL  localhost:3306 ssl  sakila  SQL > select sum(amount) as total from payment;
+----------+
| total    |
+----------+
| 67406.56 |
+----------+
1 row in set (0.0260 sec)
 MySQL  localhost:3306 ssl  sakila  SQL > desc customer;
+-------------+-------------------+------+-----+-------------------+-----------------------------------------------+
| Field       | Type              | Null | Key | Default           | Extra                                         |
+-------------+-------------------+------+-----+-------------------+-----------------------------------------------+
| customer_id | smallint unsigned | NO   | PRI | NULL              | auto_increment                                |
| store_id    | tinyint unsigned  | NO   | MUL | NULL              |                                               |
| first_name  | varchar(45)       | NO   |     | NULL              |                                               |
| last_name   | varchar(45)       | NO   | MUL | NULL              |                                               |
| email       | varchar(50)       | YES  |     | NULL              |                                               |
| address_id  | smallint unsigned | NO   | MUL | NULL              |                                               |
| active      | tinyint(1)        | NO   |     | 1                 |                                               |
| create_date | datetime          | NO   |     | NULL              |                                               |
| last_update | timestamp         | YES  |     | CURRENT_TIMESTAMP | DEFAULT_GENERATED on update CURRENT_TIMESTAMP |
+-------------+-------------------+------+-----+-------------------+-----------------------------------------------+
9 rows in set (0.0091 sec)
 MySQL  localhost:3306 ssl  sakila  SQL > select customer_id, first_name, last_name
                                       -> from customer
                                       -> ;
+-------------+-------------+--------------+
| customer_id | first_name  | last_name    |
+-------------+-------------+--------------+
|           1 | MARY        | SMITH        |
|           2 | PATRICIA    | JOHNSON      |
|           3 | LINDA       | WILLIAMS     |
|           4 | BARBARA     | JONES        |
|           5 | ELIZABETH   | BROWN        |
|           6 | JENNIFER    | DAVIS        |
|           7 | MARIA       | MILLER       |
|           8 | SUSAN       | WILSON       |
|           9 | MARGARET    | MOORE        |
|          10 | DOROTHY     | TAYLOR       |
|          11 | LISA        | ANDERSON     |
|          12 | NANCY       | THOMAS       |
|          13 | KAREN       | JACKSON      |
|          14 | BETTY       | WHITE        |
|          15 | HELEN       | HARRIS       |
|          16 | SANDRA      | MARTIN       |
|          17 | DONNA       | THOMPSON     |
|          18 | CAROL       | GARCIA       |
|          19 | RUTH        | MARTINEZ     |
|          20 | SHARON      | ROBINSON     |
|          21 | MICHELLE    | CLARK        |
|          22 | LAURA       | RODRIGUEZ    |
|          23 | SARAH       | LEWIS        |
|          24 | KIMBERLY    | LEE          |
|          25 | DEBORAH     | WALKER       |
|          26 | JESSICA     | HALL         |
|          27 | SHIRLEY     | ALLEN        |
|          28 | CYNTHIA     | YOUNG        |
|          29 | ANGELA      | HERNANDEZ    |
|          30 | MELISSA     | KING         |
|          31 | BRENDA      | WRIGHT       |
|          32 | AMY         | LOPEZ        |
|          33 | ANNA        | HILL         |
|          34 | REBECCA     | SCOTT        |
|          35 | VIRGINIA    | GREEN        |
|          36 | KATHLEEN    | ADAMS        |
|          37 | PAMELA      | BAKER        |
|          38 | MARTHA      | GONZALEZ     |
|          39 | DEBRA       | NELSON       |
|          40 | AMANDA      | CARTER       |
|          41 | STEPHANIE   | MITCHELL     |
|          42 | CAROLYN     | PEREZ        |
|          43 | CHRISTINE   | ROBERTS      |
|          44 | MARIE       | TURNER       |
|          45 | JANET       | PHILLIPS     |
|          46 | CATHERINE   | CAMPBELL     |
|          47 | FRANCES     | PARKER       |
|          48 | ANN         | EVANS        |
|          49 | JOYCE       | EDWARDS      |
|          50 | DIANE       | COLLINS      |
|          51 | ALICE       | STEWART      |
|          52 | JULIE       | SANCHEZ      |
|          53 | HEATHER     | MORRIS       |
|          54 | TERESA      | ROGERS       |
|          55 | DORIS       | REED         |
|          56 | GLORIA      | COOK         |
|          57 | EVELYN      | MORGAN       |
|          58 | JEAN        | BELL         |
|          59 | CHERYL      | MURPHY       |
|          60 | MILDRED     | BAILEY       |
|          61 | KATHERINE   | RIVERA       |
|          62 | JOAN        | COOPER       |
|          63 | ASHLEY      | RICHARDSON   |
|          64 | JUDITH      | COX          |
|          65 | ROSE        | HOWARD       |
|          66 | JANICE      | WARD         |
|          67 | KELLY       | TORRES       |
|          68 | NICOLE      | PETERSON     |
|          69 | JUDY        | GRAY         |
|          70 | CHRISTINA   | RAMIREZ      |
|          71 | KATHY       | JAMES        |
|          72 | THERESA     | WATSON       |
|          73 | BEVERLY     | BROOKS       |
|          74 | DENISE      | KELLY        |
|          75 | TAMMY       | SANDERS      |
|          76 | IRENE       | PRICE        |
|          77 | JANE        | BENNETT      |
|          78 | LORI        | WOOD         |
|          79 | RACHEL      | BARNES       |
|          80 | MARILYN     | ROSS         |
|          81 | ANDREA      | HENDERSON    |
|          82 | KATHRYN     | COLEMAN      |
|          83 | LOUISE      | JENKINS      |
|          84 | SARA        | PERRY        |
|          85 | ANNE        | POWELL       |
|          86 | JACQUELINE  | LONG         |
|          87 | WANDA       | PATTERSON    |
|          88 | BONNIE      | HUGHES       |
|          89 | JULIA       | FLORES       |
|          90 | RUBY        | WASHINGTON   |
|          91 | LOIS        | BUTLER       |
|          92 | TINA        | SIMMONS      |
|          93 | PHYLLIS     | FOSTER       |
|          94 | NORMA       | GONZALES     |
|          95 | PAULA       | BRYANT       |
|          96 | DIANA       | ALEXANDER    |
|          97 | ANNIE       | RUSSELL      |
|          98 | LILLIAN     | GRIFFIN      |
|          99 | EMILY       | DIAZ         |
|         100 | ROBIN       | HAYES        |
|         101 | PEGGY       | MYERS        |
|         102 | CRYSTAL     | FORD         |
|         103 | GLADYS      | HAMILTON     |
|         104 | RITA        | GRAHAM       |
|         105 | DAWN        | SULLIVAN     |
|         106 | CONNIE      | WALLACE      |
|         107 | FLORENCE    | WOODS        |
|         108 | TRACY       | COLE         |
|         109 | EDNA        | WEST         |
|         110 | TIFFANY     | JORDAN       |
|         111 | CARMEN      | OWENS        |
|         112 | ROSA        | REYNOLDS     |
|         113 | CINDY       | FISHER       |
|         114 | GRACE       | ELLIS        |
|         115 | WENDY       | HARRISON     |
|         116 | VICTORIA    | GIBSON       |
|         117 | EDITH       | MCDONALD     |
|         118 | KIM         | CRUZ         |
|         119 | SHERRY      | MARSHALL     |
|         120 | SYLVIA      | ORTIZ        |
|         121 | JOSEPHINE   | GOMEZ        |
|         122 | THELMA      | MURRAY       |
|         123 | SHANNON     | FREEMAN      |
|         124 | SHEILA      | WELLS        |
|         125 | ETHEL       | WEBB         |
|         126 | ELLEN       | SIMPSON      |
|         127 | ELAINE      | STEVENS      |
|         128 | MARJORIE    | TUCKER       |
|         129 | CARRIE      | PORTER       |
|         130 | CHARLOTTE   | HUNTER       |
|         131 | MONICA      | HICKS        |
|         132 | ESTHER      | CRAWFORD     |
|         133 | PAULINE     | HENRY        |
|         134 | EMMA        | BOYD         |
|         135 | JUANITA     | MASON        |
|         136 | ANITA       | MORALES      |
|         137 | RHONDA      | KENNEDY      |
|         138 | HAZEL       | WARREN       |
|         139 | AMBER       | DIXON        |
|         140 | EVA         | RAMOS        |
|         141 | DEBBIE      | REYES        |
|         142 | APRIL       | BURNS        |
|         143 | LESLIE      | GORDON       |
|         144 | CLARA       | SHAW         |
|         145 | LUCILLE     | HOLMES       |
|         146 | JAMIE       | RICE         |
|         147 | JOANNE      | ROBERTSON    |
|         148 | ELEANOR     | HUNT         |
|         149 | VALERIE     | BLACK        |
|         150 | DANIELLE    | DANIELS      |
|         151 | MEGAN       | PALMER       |
|         152 | ALICIA      | MILLS        |
|         153 | SUZANNE     | NICHOLS      |
|         154 | MICHELE     | GRANT        |
|         155 | GAIL        | KNIGHT       |
|         156 | BERTHA      | FERGUSON     |
|         157 | DARLENE     | ROSE         |
|         158 | VERONICA    | STONE        |
|         159 | JILL        | HAWKINS      |
|         160 | ERIN        | DUNN         |
|         161 | GERALDINE   | PERKINS      |
|         162 | LAUREN      | HUDSON       |
|         163 | CATHY       | SPENCER      |
|         164 | JOANN       | GARDNER      |
|         165 | LORRAINE    | STEPHENS     |
|         166 | LYNN        | PAYNE        |
|         167 | SALLY       | PIERCE       |
|         168 | REGINA      | BERRY        |
|         169 | ERICA       | MATTHEWS     |
|         170 | BEATRICE    | ARNOLD       |
|         171 | DOLORES     | WAGNER       |
|         172 | BERNICE     | WILLIS       |
|         173 | AUDREY      | RAY          |
|         174 | YVONNE      | WATKINS      |
|         175 | ANNETTE     | OLSON        |
|         176 | JUNE        | CARROLL      |
|         177 | SAMANTHA    | DUNCAN       |
|         178 | MARION      | SNYDER       |
|         179 | DANA        | HART         |
|         180 | STACY       | CUNNINGHAM   |
|         181 | ANA         | BRADLEY      |
|         182 | RENEE       | LANE         |
|         183 | IDA         | ANDREWS      |
|         184 | VIVIAN      | RUIZ         |
|         185 | ROBERTA     | HARPER       |
|         186 | HOLLY       | FOX          |
|         187 | BRITTANY    | RILEY        |
|         188 | MELANIE     | ARMSTRONG    |
|         189 | LORETTA     | CARPENTER    |
|         190 | YOLANDA     | WEAVER       |
|         191 | JEANETTE    | GREENE       |
|         192 | LAURIE      | LAWRENCE     |
|         193 | KATIE       | ELLIOTT      |
|         194 | KRISTEN     | CHAVEZ       |
|         195 | VANESSA     | SIMS         |
|         196 | ALMA        | AUSTIN       |
|         197 | SUE         | PETERS       |
|         198 | ELSIE       | KELLEY       |
|         199 | BETH        | FRANKLIN     |
|         200 | JEANNE      | LAWSON       |
|         201 | VICKI       | FIELDS       |
|         202 | CARLA       | GUTIERREZ    |
|         203 | TARA        | RYAN         |
|         204 | ROSEMARY    | SCHMIDT      |
|         205 | EILEEN      | CARR         |
|         206 | TERRI       | VASQUEZ      |
|         207 | GERTRUDE    | CASTILLO     |
|         208 | LUCY        | WHEELER      |
|         209 | TONYA       | CHAPMAN      |
|         210 | ELLA        | OLIVER       |
|         211 | STACEY      | MONTGOMERY   |
|         212 | WILMA       | RICHARDS     |
|         213 | GINA        | WILLIAMSON   |
|         214 | KRISTIN     | JOHNSTON     |
|         215 | JESSIE      | BANKS        |
|         216 | NATALIE     | MEYER        |
|         217 | AGNES       | BISHOP       |
|         218 | VERA        | MCCOY        |
|         219 | WILLIE      | HOWELL       |
|         220 | CHARLENE    | ALVAREZ      |
|         221 | BESSIE      | MORRISON     |
|         222 | DELORES     | HANSEN       |
|         223 | MELINDA     | FERNANDEZ    |
|         224 | PEARL       | GARZA        |
|         225 | ARLENE      | HARVEY       |
|         226 | MAUREEN     | LITTLE       |
|         227 | COLLEEN     | BURTON       |
|         228 | ALLISON     | STANLEY      |
|         229 | TAMARA      | NGUYEN       |
|         230 | JOY         | GEORGE       |
|         231 | GEORGIA     | JACOBS       |
|         232 | CONSTANCE   | REID         |
|         233 | LILLIE      | KIM          |
|         234 | CLAUDIA     | FULLER       |
|         235 | JACKIE      | LYNCH        |
|         236 | MARCIA      | DEAN         |
|         237 | TANYA       | GILBERT      |
|         238 | NELLIE      | GARRETT      |
|         239 | MINNIE      | ROMERO       |
|         240 | MARLENE     | WELCH        |
|         241 | HEIDI       | LARSON       |
|         242 | GLENDA      | FRAZIER      |
|         243 | LYDIA       | BURKE        |
|         244 | VIOLA       | HANSON       |
|         245 | COURTNEY    | DAY          |
|         246 | MARIAN      | MENDOZA      |
|         247 | STELLA      | MORENO       |
|         248 | CAROLINE    | BOWMAN       |
|         249 | DORA        | MEDINA       |
|         250 | JO          | FOWLER       |
|         251 | VICKIE      | BREWER       |
|         252 | MATTIE      | HOFFMAN      |
|         253 | TERRY       | CARLSON      |
|         254 | MAXINE      | SILVA        |
|         255 | IRMA        | PEARSON      |
|         256 | MABEL       | HOLLAND      |
|         257 | MARSHA      | DOUGLAS      |
|         258 | MYRTLE      | FLEMING      |
|         259 | LENA        | JENSEN       |
|         260 | CHRISTY     | VARGAS       |
|         261 | DEANNA      | BYRD         |
|         262 | PATSY       | DAVIDSON     |
|         263 | HILDA       | HOPKINS      |
|         264 | GWENDOLYN   | MAY          |
|         265 | JENNIE      | TERRY        |
|         266 | NORA        | HERRERA      |
|         267 | MARGIE      | WADE         |
|         268 | NINA        | SOTO         |
|         269 | CASSANDRA   | WALTERS      |
|         270 | LEAH        | CURTIS       |
|         271 | PENNY       | NEAL         |
|         272 | KAY         | CALDWELL     |
|         273 | PRISCILLA   | LOWE         |
|         274 | NAOMI       | JENNINGS     |
|         275 | CAROLE      | BARNETT      |
|         276 | BRANDY      | GRAVES       |
|         277 | OLGA        | JIMENEZ      |
|         278 | BILLIE      | HORTON       |
|         279 | DIANNE      | SHELTON      |
|         280 | TRACEY      | BARRETT      |
|         281 | LEONA       | OBRIEN       |
|         282 | JENNY       | CASTRO       |
|         283 | FELICIA     | SUTTON       |
|         284 | SONIA       | GREGORY      |
|         285 | MIRIAM      | MCKINNEY     |
|         286 | VELMA       | LUCAS        |
|         287 | BECKY       | MILES        |
|         288 | BOBBIE      | CRAIG        |
|         289 | VIOLET      | RODRIQUEZ    |
|         290 | KRISTINA    | CHAMBERS     |
|         291 | TONI        | HOLT         |
|         292 | MISTY       | LAMBERT      |
|         293 | MAE         | FLETCHER     |
|         294 | SHELLY      | WATTS        |
|         295 | DAISY       | BATES        |
|         296 | RAMONA      | HALE         |
|         297 | SHERRI      | RHODES       |
|         298 | ERIKA       | PENA         |
|         299 | JAMES       | GANNON       |
|         300 | JOHN        | FARNSWORTH   |
|         301 | ROBERT      | BAUGHMAN     |
|         302 | MICHAEL     | SILVERMAN    |
|         303 | WILLIAM     | SATTERFIELD  |
|         304 | DAVID       | ROYAL        |
|         305 | RICHARD     | MCCRARY      |
|         306 | CHARLES     | KOWALSKI     |
|         307 | JOSEPH      | JOY          |
|         308 | THOMAS      | GRIGSBY      |
|         309 | CHRISTOPHER | GRECO        |
|         310 | DANIEL      | CABRAL       |
|         311 | PAUL        | TROUT        |
|         312 | MARK        | RINEHART     |
|         313 | DONALD      | MAHON        |
|         314 | GEORGE      | LINTON       |
|         315 | KENNETH     | GOODEN       |
|         316 | STEVEN      | CURLEY       |
|         317 | EDWARD      | BAUGH        |
|         318 | BRIAN       | WYMAN        |
|         319 | RONALD      | WEINER       |
|         320 | ANTHONY     | SCHWAB       |
|         321 | KEVIN       | SCHULER      |
|         322 | JASON       | MORRISSEY    |
|         323 | MATTHEW     | MAHAN        |
|         324 | GARY        | COY          |
|         325 | TIMOTHY     | BUNN         |
|         326 | JOSE        | ANDREW       |
|         327 | LARRY       | THRASHER     |
|         328 | JEFFREY     | SPEAR        |
|         329 | FRANK       | WAGGONER     |
|         330 | SCOTT       | SHELLEY      |
|         331 | ERIC        | ROBERT       |
|         332 | STEPHEN     | QUALLS       |
|         333 | ANDREW      | PURDY        |
|         334 | RAYMOND     | MCWHORTER    |
|         335 | GREGORY     | MAULDIN      |
|         336 | JOSHUA      | MARK         |
|         337 | JERRY       | JORDON       |
|         338 | DENNIS      | GILMAN       |
|         339 | WALTER      | PERRYMAN     |
|         340 | PATRICK     | NEWSOM       |
|         341 | PETER       | MENARD       |
|         342 | HAROLD      | MARTINO      |
|         343 | DOUGLAS     | GRAF         |
|         344 | HENRY       | BILLINGSLEY  |
|         345 | CARL        | ARTIS        |
|         346 | ARTHUR      | SIMPKINS     |
|         347 | RYAN        | SALISBURY    |
|         348 | ROGER       | QUINTANILLA  |
|         349 | JOE         | GILLILAND    |
|         350 | JUAN        | FRALEY       |
|         351 | JACK        | FOUST        |
|         352 | ALBERT      | CROUSE       |
|         353 | JONATHAN    | SCARBOROUGH  |
|         354 | JUSTIN      | NGO          |
|         355 | TERRY       | GRISSOM      |
|         356 | GERALD      | FULTZ        |
|         357 | KEITH       | RICO         |
|         358 | SAMUEL      | MARLOW       |
|         359 | WILLIE      | MARKHAM      |
|         360 | RALPH       | MADRIGAL     |
|         361 | LAWRENCE    | LAWTON       |
|         362 | NICHOLAS    | BARFIELD     |
|         363 | ROY         | WHITING      |
|         364 | BENJAMIN    | VARNEY       |
|         365 | BRUCE       | SCHWARZ      |
|         366 | BRANDON     | HUEY         |
|         367 | ADAM        | GOOCH        |
|         368 | HARRY       | ARCE         |
|         369 | FRED        | WHEAT        |
|         370 | WAYNE       | TRUONG       |
|         371 | BILLY       | POULIN       |
|         372 | STEVE       | MACKENZIE    |
|         373 | LOUIS       | LEONE        |
|         374 | JEREMY      | HURTADO      |
|         375 | AARON       | SELBY        |
|         376 | RANDY       | GAITHER      |
|         377 | HOWARD      | FORTNER      |
|         378 | EUGENE      | CULPEPPER    |
|         379 | CARLOS      | COUGHLIN     |
|         380 | RUSSELL     | BRINSON      |
|         381 | BOBBY       | BOUDREAU     |
|         382 | VICTOR      | BARKLEY      |
|         383 | MARTIN      | BALES        |
|         384 | ERNEST      | STEPP        |
|         385 | PHILLIP     | HOLM         |
|         386 | TODD        | TAN          |
|         387 | JESSE       | SCHILLING    |
|         388 | CRAIG       | MORRELL      |
|         389 | ALAN        | KAHN         |
|         390 | SHAWN       | HEATON       |
|         391 | CLARENCE    | GAMEZ        |
|         392 | SEAN        | DOUGLASS     |
|         393 | PHILIP      | CAUSEY       |
|         394 | CHRIS       | BROTHERS     |
|         395 | JOHNNY      | TURPIN       |
|         396 | EARL        | SHANKS       |
|         397 | JIMMY       | SCHRADER     |
|         398 | ANTONIO     | MEEK         |
|         399 | DANNY       | ISOM         |
|         400 | BRYAN       | HARDISON     |
|         401 | TONY        | CARRANZA     |
|         402 | LUIS        | YANEZ        |
|         403 | MIKE        | WAY          |
|         404 | STANLEY     | SCROGGINS    |
|         405 | LEONARD     | SCHOFIELD    |
|         406 | NATHAN      | RUNYON       |
|         407 | DALE        | RATCLIFF     |
|         408 | MANUEL      | MURRELL      |
|         409 | RODNEY      | MOELLER      |
|         410 | CURTIS      | IRBY         |
|         411 | NORMAN      | CURRIER      |
|         412 | ALLEN       | BUTTERFIELD  |
|         413 | MARVIN      | YEE          |
|         414 | VINCENT     | RALSTON      |
|         415 | GLENN       | PULLEN       |
|         416 | JEFFERY     | PINSON       |
|         417 | TRAVIS      | ESTEP        |
|         418 | JEFF        | EAST         |
|         419 | CHAD        | CARBONE      |
|         420 | JACOB       | LANCE        |
|         421 | LEE         | HAWKS        |
|         422 | MELVIN      | ELLINGTON    |
|         423 | ALFRED      | CASILLAS     |
|         424 | KYLE        | SPURLOCK     |
|         425 | FRANCIS     | SIKES        |
|         426 | BRADLEY     | MOTLEY       |
|         427 | JESUS       | MCCARTNEY    |
|         428 | HERBERT     | KRUGER       |
|         429 | FREDERICK   | ISBELL       |
|         430 | RAY         | HOULE        |
|         431 | JOEL        | FRANCISCO    |
|         432 | EDWIN       | BURK         |
|         433 | DON         | BONE         |
|         434 | EDDIE       | TOMLIN       |
|         435 | RICKY       | SHELBY       |
|         436 | TROY        | QUIGLEY      |
|         437 | RANDALL     | NEUMANN      |
|         438 | BARRY       | LOVELACE     |
|         439 | ALEXANDER   | FENNELL      |
|         440 | BERNARD     | COLBY        |
|         441 | MARIO       | CHEATHAM     |
|         442 | LEROY       | BUSTAMANTE   |
|         443 | FRANCISCO   | SKIDMORE     |
|         444 | MARCUS      | HIDALGO      |
|         445 | MICHEAL     | FORMAN       |
|         446 | THEODORE    | CULP         |
|         447 | CLIFFORD    | BOWENS       |
|         448 | MIGUEL      | BETANCOURT   |
|         449 | OSCAR       | AQUINO       |
|         450 | JAY         | ROBB         |
|         451 | JIM         | REA          |
|         452 | TOM         | MILNER       |
|         453 | CALVIN      | MARTEL       |
|         454 | ALEX        | GRESHAM      |
|         455 | JON         | WILES        |
|         456 | RONNIE      | RICKETTS     |
|         457 | BILL        | GAVIN        |
|         458 | LLOYD       | DOWD         |
|         459 | TOMMY       | COLLAZO      |
|         460 | LEON        | BOSTIC       |
|         461 | DEREK       | BLAKELY      |
|         462 | WARREN      | SHERROD      |
|         463 | DARRELL     | POWER        |
|         464 | JEROME      | KENYON       |
|         465 | FLOYD       | GANDY        |
|         466 | LEO         | EBERT        |
|         467 | ALVIN       | DELOACH      |
|         468 | TIM         | CARY         |
|         469 | WESLEY      | BULL         |
|         470 | GORDON      | ALLARD       |
|         471 | DEAN        | SAUER        |
|         472 | GREG        | ROBINS       |
|         473 | JORGE       | OLIVARES     |
|         474 | DUSTIN      | GILLETTE     |
|         475 | PEDRO       | CHESTNUT     |
|         476 | DERRICK     | BOURQUE      |
|         477 | DAN         | PAINE        |
|         478 | LEWIS       | LYMAN        |
|         479 | ZACHARY     | HITE         |
|         480 | COREY       | HAUSER       |
|         481 | HERMAN      | DEVORE       |
|         482 | MAURICE     | CRAWLEY      |
|         483 | VERNON      | CHAPA        |
|         484 | ROBERTO     | VU           |
|         485 | CLYDE       | TOBIAS       |
|         486 | GLEN        | TALBERT      |
|         487 | HECTOR      | POINDEXTER   |
|         488 | SHANE       | MILLARD      |
|         489 | RICARDO     | MEADOR       |
|         490 | SAM         | MCDUFFIE     |
|         491 | RICK        | MATTOX       |
|         492 | LESTER      | KRAUS        |
|         493 | BRENT       | HARKINS      |
|         494 | RAMON       | CHOATE       |
|         495 | CHARLIE     | BESS         |
|         496 | TYLER       | WREN         |
|         497 | GILBERT     | SLEDGE       |
|         498 | GENE        | SANBORN      |
|         499 | MARC        | OUTLAW       |
|         500 | REGINALD    | KINDER       |
|         501 | RUBEN       | GEARY        |
|         502 | BRETT       | CORNWELL     |
|         503 | ANGEL       | BARCLAY      |
|         504 | NATHANIEL   | ADAM         |
|         505 | RAFAEL      | ABNEY        |
|         506 | LESLIE      | SEWARD       |
|         507 | EDGAR       | RHOADS       |
|         508 | MILTON      | HOWLAND      |
|         509 | RAUL        | FORTIER      |
|         510 | BEN         | EASTER       |
|         511 | CHESTER     | BENNER       |
|         512 | CECIL       | VINES        |
|         513 | DUANE       | TUBBS        |
|         514 | FRANKLIN    | TROUTMAN     |
|         515 | ANDRE       | RAPP         |
|         516 | ELMER       | NOE          |
|         517 | BRAD        | MCCURDY      |
|         518 | GABRIEL     | HARDER       |
|         519 | RON         | DELUCA       |
|         520 | MITCHELL    | WESTMORELAND |
|         521 | ROLAND      | SOUTH        |
|         522 | ARNOLD      | HAVENS       |
|         523 | HARVEY      | GUAJARDO     |
|         524 | JARED       | ELY          |
|         525 | ADRIAN      | CLARY        |
|         526 | KARL        | SEAL         |
|         527 | CORY        | MEEHAN       |
|         528 | CLAUDE      | HERZOG       |
|         529 | ERIK        | GUILLEN      |
|         530 | DARRYL      | ASHCRAFT     |
|         531 | JAMIE       | WAUGH        |
|         532 | NEIL        | RENNER       |
|         533 | JESSIE      | MILAM        |
|         534 | CHRISTIAN   | JUNG         |
|         535 | JAVIER      | ELROD        |
|         536 | FERNANDO    | CHURCHILL    |
|         537 | CLINTON     | BUFORD       |
|         538 | TED         | BREAUX       |
|         539 | MATHEW      | BOLIN        |
|         540 | TYRONE      | ASHER        |
|         541 | DARREN      | WINDHAM      |
|         542 | LONNIE      | TIRADO       |
|         543 | LANCE       | PEMBERTON    |
|         544 | CODY        | NOLEN        |
|         545 | JULIO       | NOLAND       |
|         546 | KELLY       | KNOTT        |
|         547 | KURT        | EMMONS       |
|         548 | ALLAN       | CORNISH      |
|         549 | NELSON      | CHRISTENSON  |
|         550 | GUY         | BROWNLEE     |
|         551 | CLAYTON     | BARBEE       |
|         552 | HUGH        | WALDROP      |
|         553 | MAX         | PITT         |
|         554 | DWAYNE      | OLVERA       |
|         555 | DWIGHT      | LOMBARDI     |
|         556 | ARMANDO     | GRUBER       |
|         557 | FELIX       | GAFFNEY      |
|         558 | JIMMIE      | EGGLESTON    |
|         559 | EVERETT     | BANDA        |
|         560 | JORDAN      | ARCHULETA    |
|         561 | IAN         | STILL        |
|         562 | WALLACE     | SLONE        |
|         563 | KEN         | PREWITT      |
|         564 | BOB         | PFEIFFER     |
|         565 | JAIME       | NETTLES      |
|         566 | CASEY       | MENA         |
|         567 | ALFREDO     | MCADAMS      |
|         568 | ALBERTO     | HENNING      |
|         569 | DAVE        | GARDINER     |
|         570 | IVAN        | CROMWELL     |
|         571 | JOHNNIE     | CHISHOLM     |
|         572 | SIDNEY      | BURLESON     |
|         573 | BYRON       | BOX          |
|         574 | JULIAN      | VEST         |
|         575 | ISAAC       | OGLESBY      |
|         576 | MORRIS      | MCCARTER     |
|         577 | CLIFTON     | MALCOLM      |
|         578 | WILLARD     | LUMPKIN      |
|         579 | DARYL       | LARUE        |
|         580 | ROSS        | GREY         |
|         581 | VIRGIL      | WOFFORD      |
|         582 | ANDY        | VANHORN      |
|         583 | MARSHALL    | THORN        |
|         584 | SALVADOR    | TEEL         |
|         585 | PERRY       | SWAFFORD     |
|         586 | KIRK        | STCLAIR      |
|         587 | SERGIO      | STANFIELD    |
|         588 | MARION      | OCAMPO       |
|         589 | TRACY       | HERRMANN     |
|         590 | SETH        | HANNON       |
|         591 | KENT        | ARSENAULT    |
|         592 | TERRANCE    | ROUSH        |
|         593 | RENE        | MCALISTER    |
|         594 | EDUARDO     | HIATT        |
|         595 | TERRENCE    | GUNDERSON    |
|         596 | ENRIQUE     | FORSYTHE     |
|         597 | FREDDIE     | DUGGAN       |
|         598 | WADE        | DELVALLE     |
|         599 | AUSTIN      | CINTRON      |
+-------------+-------------+--------------+
599 rows in set (0.0934 sec)
 MySQL  localhost:3306 ssl  sakila  SQL > select customer_id, first_name, last_name from customer from customer limit 10;
ERROR: 1064 (42000): You have an error in your SQL syntax; check the manual that corresponds to your MySQL server version for the right syntax to use near 'from customer limit 10' at line 1
 MySQL  localhost:3306 ssl  sakila  SQL > select customer_id, first_name, last_name from customer from customer where last_name = 'MILLER';
ERROR: 1064 (42000): You have an error in your SQL syntax; check the manual that corresponds to your MySQL server version for the right syntax to use near 'from customer where last_name = 'MILLER'' at line 1
 MySQL  localhost:3306 ssl  sakila  SQL > select customer_id, first_name, last_name from customer from customer where last_name LIKE = 'MILLER';
ERROR: 1064 (42000): You have an error in your SQL syntax; check the manual that corresponds to your MySQL server version for the right syntax to use near 'from customer where last_name LIKE = 'MILLER'' at line 1
 MySQL  localhost:3306 ssl  sakila  SQL > select count(*) from customer where last_name like 'D%';
+----------+
| count(*) |
+----------+
|       17 |
+----------+
1 row in set (0.0112 sec)
 MySQL  localhost:3306 ssl  sakila  SQL > select count(*) from customer where last_name like '%EZ';
+----------+
| count(*) |
+----------+
|       18 |
+----------+
1 row in set (0.0034 sec)
 MySQL  localhost:3306 ssl  sakila  SQL > select count(*) from customer where last_name like 'D%' order by last_name;
+----------+
| count(*) |
+----------+
|       17 |
+----------+
1 row in set (0.0019 sec)
 MySQL  localhost:3306 ssl  sakila  SQL > select from customer where last_name from cutomer where last_name like 'D%' order by last_name;
ERROR: 1064 (42000): You have an error in your SQL syntax; check the manual that corresponds to your MySQL server version for the right syntax to use near 'from customer where last_name from cutomer where last_name like 'D%' order by la' at line 1
 MySQL  localhost:3306 ssl  sakila  SQL > select customer where last_name from cutomer where last_name like 'D%' order by last_name;
ERROR: 1064 (42000): You have an error in your SQL syntax; check the manual that corresponds to your MySQL server version for the right syntax to use near 'from cutomer where last_name like 'D%' order by last_name' at line 1
 MySQL  localhost:3306 ssl  sakila  SQL > select customer_id, first_name, last_name from cutomer where last_name like 'D%' order by last_name;
ERROR: 1146 (42S02): Table 'sakila.cutomer' doesn't exist
 MySQL  localhost:3306 ssl  sakila  SQL > select customer_id, first_name, last_name from cutomer where last_name like 'D%' order by last_name;
ERROR: 1146 (42S02): Table 'sakila.cutomer' doesn't exist
 MySQL  localhost:3306 ssl  sakila  SQL > select customer_id, first_name, last_name from customer where last_name like 'D%' order by last_name;
+-------------+------------+-----------+
| customer_id | first_name | last_name |
+-------------+------------+-----------+
|         150 | DANIELLE   | DANIELS   |
|         262 | PATSY      | DAVIDSON  |
|           6 | JENNIFER   | DAVIS     |
|         245 | COURTNEY   | DAY       |
|         236 | MARCIA     | DEAN      |
|         467 | ALVIN      | DELOACH   |
|         519 | RON        | DELUCA    |
|         598 | WADE       | DELVALLE  |
|         481 | HERMAN     | DEVORE    |
|          99 | EMILY      | DIAZ      |
|         139 | AMBER      | DIXON     |
|         257 | MARSHA     | DOUGLAS   |
|         392 | SEAN       | DOUGLASS  |
|         458 | LLOYD      | DOWD      |
|         597 | FREDDIE    | DUGGAN    |
|         177 | SAMANTHA   | DUNCAN    |
|         160 | ERIN       | DUNN      |
+-------------+------------+-----------+
17 rows in set (0.0019 sec)
 MySQL  localhost:3306 ssl  sakila  SQL > select customer_id, first_name, last_name from customer where last_name like 'D%' order by last_name desc;
+-------------+------------+-----------+
| customer_id | first_name | last_name |
+-------------+------------+-----------+
|         160 | ERIN       | DUNN      |
|         177 | SAMANTHA   | DUNCAN    |
|         597 | FREDDIE    | DUGGAN    |
|         458 | LLOYD      | DOWD      |
|         392 | SEAN       | DOUGLASS  |
|         257 | MARSHA     | DOUGLAS   |
|         139 | AMBER      | DIXON     |
|          99 | EMILY      | DIAZ      |
|         481 | HERMAN     | DEVORE    |
|         598 | WADE       | DELVALLE  |
|         519 | RON        | DELUCA    |
|         467 | ALVIN      | DELOACH   |
|         236 | MARCIA     | DEAN      |
|         245 | COURTNEY   | DAY       |
|           6 | JENNIFER   | DAVIS     |
|         262 | PATSY      | DAVIDSON  |
|         150 | DANIELLE   | DANIELS   |
+-------------+------------+-----------+
17 rows in set (0.0027 sec)
 MySQL  localhost:3306 ssl  sakila  SQL > select customer_id, first_name, last_name from customer where last_name like 'D%' order by customer_id;
+-------------+------------+-----------+
| customer_id | first_name | last_name |
+-------------+------------+-----------+
|           6 | JENNIFER   | DAVIS     |
|          99 | EMILY      | DIAZ      |
|         139 | AMBER      | DIXON     |
|         150 | DANIELLE   | DANIELS   |
|         160 | ERIN       | DUNN      |
|         177 | SAMANTHA   | DUNCAN    |
|         236 | MARCIA     | DEAN      |
|         245 | COURTNEY   | DAY       |
|         257 | MARSHA     | DOUGLAS   |
|         262 | PATSY      | DAVIDSON  |
|         392 | SEAN       | DOUGLASS  |
|         458 | LLOYD      | DOWD      |
|         467 | ALVIN      | DELOACH   |
|         481 | HERMAN     | DEVORE    |
|         519 | RON        | DELUCA    |
|         597 | FREDDIE    | DUGGAN    |
|         598 | WADE       | DELVALLE  |
+-------------+------------+-----------+
17 rows in set (0.0030 sec)
 MySQL  localhost:3306 ssl  sakila  SQL > select customer_id, staff_id, amount
                                       -> from payment
                                       -> limit 50;
+-------------+----------+--------+
| customer_id | staff_id | amount |
+-------------+----------+--------+
|           1 |        1 |   2.99 |
|           1 |        1 |   0.99 |
|           1 |        1 |   5.99 |
|           1 |        2 |   0.99 |
|           1 |        2 |   9.99 |
|           1 |        1 |   4.99 |
|           1 |        1 |   4.99 |
|           1 |        2 |   0.99 |
|           1 |        1 |   3.99 |
|           1 |        2 |   5.99 |
|           1 |        1 |   5.99 |
|           1 |        1 |   4.99 |
|           1 |        1 |   4.99 |
|           1 |        1 |   7.99 |
|           1 |        2 |   2.99 |
|           1 |        1 |   4.99 |
|           1 |        2 |   4.99 |
|           1 |        1 |   0.99 |
|           1 |        2 |   0.99 |
|           1 |        2 |   2.99 |
|           1 |        2 |   2.99 |
|           1 |        2 |   4.99 |
|           1 |        2 |   3.99 |
|           1 |        1 |   0.99 |
|           1 |        2 |   4.99 |
|           1 |        1 |   0.99 |
|           1 |        2 |   0.99 |
|           1 |        2 |   2.99 |
|           1 |        1 |   0.99 |
|           1 |        1 |   1.99 |
|           1 |        2 |   2.99 |
|           1 |        1 |   5.99 |
|           2 |        1 |   4.99 |
|           2 |        1 |   2.99 |
|           2 |        1 |   2.99 |
|           2 |        1 |   6.99 |
|           2 |        2 |   4.99 |
|           2 |        1 |   5.99 |
|           2 |        2 |   5.99 |
|           2 |        2 |   5.99 |
|           2 |        1 |   2.99 |
|           2 |        2 |   5.99 |
|           2 |        1 |   4.99 |
|           2 |        2 |  10.99 |
|           2 |        2 |   0.99 |
|           2 |        2 |   6.99 |
|           2 |        2 |   6.99 |
|           2 |        1 |   2.99 |
|           2 |        1 |   0.99 |
|           2 |        1 |   0.99 |
+-------------+----------+--------+
50 rows in set (0.0025 sec)
 MySQL  localhost:3306 ssl  sakila  SQL > select distinct(staff_id) from payment;
+----------+
| staff_id |
+----------+
|        1 |
|        2 |
+----------+
2 rows in set (0.0323 sec)
 MySQL  localhost:3306 ssl  sakila  SQL > select staff_id, sum(amount) as total
                                       -> from payment
                                       -> group by staff_id;
+----------+----------+
| staff_id | total    |
+----------+----------+
|        1 | 33482.50 |
|        2 | 33924.06 |
+----------+----------+
2 rows in set (0.1616 sec)
 MySQL  localhost:3306 ssl  sakila  SQL > select staff_id, sum(amount) as total from payment;
+----------+----------+
| staff_id | total    |
+----------+----------+
|        1 | 67406.56 |
+----------+----------+
1 row in set (0.0307 sec)
 MySQL  localhost:3306 ssl  sakila  SQL > select staff_id, count(amount) as numero from payment group by staff_id;
+----------+--------+
| staff_id | numero |
+----------+--------+
|        1 |   8054 |
|        2 |   7990 |
+----------+--------+
2 rows in set (0.1267 sec)
 MySQL  localhost:3306 ssl  sakila  SQL > show tables;
+----------------------------+
| Tables_in_sakila           |
+----------------------------+
| actor                      |
| actor_info                 |
| address                    |
| category                   |
| city                       |
| country                    |
| customer                   |
| customer_list              |
| film                       |
| film_actor                 |
| film_category              |
| film_list                  |
| film_text                  |
| inventory                  |
| language                   |
| nicer_but_slower_film_list |
| payment                    |
| rental                     |
| sales_by_film_category     |
| sales_by_store             |
| staff                      |
| staff_list                 |
| store                      |
+----------------------------+
23 rows in set (0.0065 sec)
 MySQL  localhost:3306 ssl  sakila  SQL > desc film_category;
+-------------+-------------------+------+-----+-------------------+-----------------------------------------------+
| Field       | Type              | Null | Key | Default           | Extra                                         |
+-------------+-------------------+------+-----+-------------------+-----------------------------------------------+
| film_id     | smallint unsigned | NO   | PRI | NULL              |                                               |
| category_id | tinyint unsigned  | NO   | PRI | NULL              |                                               |
| last_update | timestamp         | NO   |     | CURRENT_TIMESTAMP | DEFAULT_GENERATED on update CURRENT_TIMESTAMP |
+-------------+-------------------+------+-----+-------------------+-----------------------------------------------+
3 rows in set (0.0082 sec)
 MySQL  localhost:3306 ssl  sakila  SQL > select count(category_id) from film_category;
+--------------------+
| count(category_id) |
+--------------------+
|               1000 |
+--------------------+
1 row in set (0.0774 sec)
 MySQL  localhost:3306 ssl  sakila  SQL > select distinct(category_id) from film_category;
+-------------+
| category_id |
+-------------+
|           1 |
|           2 |
|           3 |
|           4 |
|           5 |
|           6 |
|           7 |
|           8 |
|           9 |
|          10 |
|          11 |
|          12 |
|          13 |
|          14 |
|          15 |
|          16 |
+-------------+
16 rows in set (0.0293 sec)
 MySQL  localhost:3306 ssl  sakila  SQL > select category_id, count(film_id) as total from film_category group by category_id;
+-------------+-------+
| category_id | total |
+-------------+-------+
|           1 |    64 |
|           2 |    66 |
|           3 |    60 |
|           4 |    57 |
|           5 |    58 |
|           6 |    68 |
|           7 |    62 |
|           8 |    69 |
|           9 |    73 |
|          10 |    61 |
|          11 |    56 |
|          12 |    51 |
|          13 |    63 |
|          14 |    61 |
|          15 |    74 |
|          16 |    57 |
+-------------+-------+
16 rows in set (0.0040 sec)
 MySQL  localhost:3306 ssl  sakila  SQL > select * from category;
+-------------+-------------+---------------------+
| category_id | name        | last_update         |
+-------------+-------------+---------------------+
|           1 | Action      | 2006-02-15 04:46:27 |
|           2 | Animation   | 2006-02-15 04:46:27 |
|           3 | Children    | 2006-02-15 04:46:27 |
|           4 | Classics    | 2006-02-15 04:46:27 |
|           5 | Comedy      | 2006-02-15 04:46:27 |
|           6 | Documentary | 2006-02-15 04:46:27 |
|           7 | Drama       | 2006-02-15 04:46:27 |
|           8 | Family      | 2006-02-15 04:46:27 |
|           9 | Foreign     | 2006-02-15 04:46:27 |
|          10 | Games       | 2006-02-15 04:46:27 |
|          11 | Horror      | 2006-02-15 04:46:27 |
|          12 | Music       | 2006-02-15 04:46:27 |
|          13 | New         | 2006-02-15 04:46:27 |
|          14 | Sci-Fi      | 2006-02-15 04:46:27 |
|          15 | Sports      | 2006-02-15 04:46:27 |
|          16 | Travel      | 2006-02-15 04:46:27 |
+-------------+-------------+---------------------+
16 rows in set (0.0601 sec)
 MySQL  localhost:3306 ssl  sakila  SQL > desc film;
+----------------------+---------------------------------------------------------------------+------+-----+-------------------+-----------------------------------------------+
| Field                | Type                                                                | Null | Key | Default           | Extra                                         |
+----------------------+---------------------------------------------------------------------+------+-----+-------------------+-----------------------------------------------+
| film_id              | smallint unsigned                                                   | NO   | PRI | NULL              | auto_increment                                |
| title                | varchar(128)                                                        | NO   | MUL | NULL              |                                               |
| description          | text                                                                | YES  |     | NULL              |                                               |
| release_year         | year                                                                | YES  |     | NULL              |                                               |
| language_id          | tinyint unsigned                                                    | NO   | MUL | NULL              |                                               |
| original_language_id | tinyint unsigned                                                    | YES  | MUL | NULL              |                                               |
| rental_duration      | tinyint unsigned                                                    | NO   |     | 3                 |                                               |
| rental_rate          | decimal(4,2)                                                        | NO   |     | 4.99              |                                               |
| length               | smallint unsigned                                                   | YES  |     | NULL              |                                               |
| replacement_cost     | decimal(5,2)                                                        | NO   |     | 19.99             |                                               |
| rating               | enum('G','PG','PG-13','R','NC-17')                                  | YES  |     | G                 |                                               |
| special_features     | set('Trailers','Commentaries','Deleted Scenes','Behind the Scenes') | YES  |     | NULL              |                                               |
| last_update          | timestamp                                                           | NO   |     | CURRENT_TIMESTAMP | DEFAULT_GENERATED on update CURRENT_TIMESTAMP |
+----------------------+---------------------------------------------------------------------+------+-----+-------------------+-----------------------------------------------+
13 rows in set (0.0109 sec)
 MySQL  localhost:3306 ssl  sakila  SQL > select * from language;
+-------------+----------+---------------------+
| language_id | name     | last_update         |
+-------------+----------+---------------------+
|           1 | English  | 2006-02-15 05:02:19 |
|           2 | Italian  | 2006-02-15 05:02:19 |
|           3 | Japanese | 2006-02-15 05:02:19 |
|           4 | Mandarin | 2006-02-15 05:02:19 |
|           5 | French   | 2006-02-15 05:02:19 |
|           6 | German   | 2006-02-15 05:02:19 |
+-------------+----------+---------------------+
6 rows in set (0.1433 sec)
 MySQL  localhost:3306 ssl  sakila  SQL > select film_id, count(language_id) as total from film_id group by language_id;
ERROR: 1146 (42S02): Table 'sakila.film_id' doesn't exist
 MySQL  localhost:3306 ssl  sakila  SQL > select film_id, count(language_id) as total from film group by film_id;
+---------+-------+
| film_id | total |
+---------+-------+
|       1 |     1 |
|       2 |     1 |
|       3 |     1 |
|       4 |     1 |
|       5 |     1 |
|       6 |     1 |
|       7 |     1 |
|       8 |     1 |
|       9 |     1 |
|      10 |     1 |
|      11 |     1 |
|      12 |     1 |
|      13 |     1 |
|      14 |     1 |
|      15 |     1 |
|      16 |     1 |
|      17 |     1 |
|      18 |     1 |
|      19 |     1 |
|      20 |     1 |
|      21 |     1 |
|      22 |     1 |
|      23 |     1 |
|      24 |     1 |
|      25 |     1 |
|      26 |     1 |
|      27 |     1 |
|      28 |     1 |
|      29 |     1 |
|      30 |     1 |
|      31 |     1 |
|      32 |     1 |
|      33 |     1 |
|      34 |     1 |
|      35 |     1 |
|      36 |     1 |
|      37 |     1 |
|      38 |     1 |
|      39 |     1 |
|      40 |     1 |
|      41 |     1 |
|      42 |     1 |
|      43 |     1 |
|      44 |     1 |
|      45 |     1 |
|      46 |     1 |
|      47 |     1 |
|      48 |     1 |
|      49 |     1 |
|      50 |     1 |
|      51 |     1 |
|      52 |     1 |
|      53 |     1 |
|      54 |     1 |
|      55 |     1 |
|      56 |     1 |
|      57 |     1 |
|      58 |     1 |
|      59 |     1 |
|      60 |     1 |
|      61 |     1 |
|      62 |     1 |
|      63 |     1 |
|      64 |     1 |
|      65 |     1 |
|      66 |     1 |
|      67 |     1 |
|      68 |     1 |
|      69 |     1 |
|      70 |     1 |
|      71 |     1 |
|      72 |     1 |
|      73 |     1 |
|      74 |     1 |
|      75 |     1 |
|      76 |     1 |
|      77 |     1 |
|      78 |     1 |
|      79 |     1 |
|      80 |     1 |
|      81 |     1 |
|      82 |     1 |
|      83 |     1 |
|      84 |     1 |
|      85 |     1 |
|      86 |     1 |
|      87 |     1 |
|      88 |     1 |
|      89 |     1 |
|      90 |     1 |
|      91 |     1 |
|      92 |     1 |
|      93 |     1 |
|      94 |     1 |
|      95 |     1 |
|      96 |     1 |
|      97 |     1 |
|      98 |     1 |
|      99 |     1 |
|     100 |     1 |
|     101 |     1 |
|     102 |     1 |
|     103 |     1 |
|     104 |     1 |
|     105 |     1 |
|     106 |     1 |
|     107 |     1 |
|     108 |     1 |
|     109 |     1 |
|     110 |     1 |
|     111 |     1 |
|     112 |     1 |
|     113 |     1 |
|     114 |     1 |
|     115 |     1 |
|     116 |     1 |
|     117 |     1 |
|     118 |     1 |
|     119 |     1 |
|     120 |     1 |
|     121 |     1 |
|     122 |     1 |
|     123 |     1 |
|     124 |     1 |
|     125 |     1 |
|     126 |     1 |
|     127 |     1 |
|     128 |     1 |
|     129 |     1 |
|     130 |     1 |
|     131 |     1 |
|     132 |     1 |
|     133 |     1 |
|     134 |     1 |
|     135 |     1 |
|     136 |     1 |
|     137 |     1 |
|     138 |     1 |
|     139 |     1 |
|     140 |     1 |
|     141 |     1 |
|     142 |     1 |
|     143 |     1 |
|     144 |     1 |
|     145 |     1 |
|     146 |     1 |
|     147 |     1 |
|     148 |     1 |
|     149 |     1 |
|     150 |     1 |
|     151 |     1 |
|     152 |     1 |
|     153 |     1 |
|     154 |     1 |
|     155 |     1 |
|     156 |     1 |
|     157 |     1 |
|     158 |     1 |
|     159 |     1 |
|     160 |     1 |
|     161 |     1 |
|     162 |     1 |
|     163 |     1 |
|     164 |     1 |
|     165 |     1 |
|     166 |     1 |
|     167 |     1 |
|     168 |     1 |
|     169 |     1 |
|     170 |     1 |
|     171 |     1 |
|     172 |     1 |
|     173 |     1 |
|     174 |     1 |
|     175 |     1 |
|     176 |     1 |
|     177 |     1 |
|     178 |     1 |
|     179 |     1 |
|     180 |     1 |
|     181 |     1 |
|     182 |     1 |
|     183 |     1 |
|     184 |     1 |
|     185 |     1 |
|     186 |     1 |
|     187 |     1 |
|     188 |     1 |
|     189 |     1 |
|     190 |     1 |
|     191 |     1 |
|     192 |     1 |
|     193 |     1 |
|     194 |     1 |
|     195 |     1 |
|     196 |     1 |
|     197 |     1 |
|     198 |     1 |
|     199 |     1 |
|     200 |     1 |
|     201 |     1 |
|     202 |     1 |
|     203 |     1 |
|     204 |     1 |
|     205 |     1 |
|     206 |     1 |
|     207 |     1 |
|     208 |     1 |
|     209 |     1 |
|     210 |     1 |
|     211 |     1 |
|     212 |     1 |
|     213 |     1 |
|     214 |     1 |
|     215 |     1 |
|     216 |     1 |
|     217 |     1 |
|     218 |     1 |
|     219 |     1 |
|     220 |     1 |
|     221 |     1 |
|     222 |     1 |
|     223 |     1 |
|     224 |     1 |
|     225 |     1 |
|     226 |     1 |
|     227 |     1 |
|     228 |     1 |
|     229 |     1 |
|     230 |     1 |
|     231 |     1 |
|     232 |     1 |
|     233 |     1 |
|     234 |     1 |
|     235 |     1 |
|     236 |     1 |
|     237 |     1 |
|     238 |     1 |
|     239 |     1 |
|     240 |     1 |
|     241 |     1 |
|     242 |     1 |
|     243 |     1 |
|     244 |     1 |
|     245 |     1 |
|     246 |     1 |
|     247 |     1 |
|     248 |     1 |
|     249 |     1 |
|     250 |     1 |
|     251 |     1 |
|     252 |     1 |
|     253 |     1 |
|     254 |     1 |
|     255 |     1 |
|     256 |     1 |
|     257 |     1 |
|     258 |     1 |
|     259 |     1 |
|     260 |     1 |
|     261 |     1 |
|     262 |     1 |
|     263 |     1 |
|     264 |     1 |
|     265 |     1 |
|     266 |     1 |
|     267 |     1 |
|     268 |     1 |
|     269 |     1 |
|     270 |     1 |
|     271 |     1 |
|     272 |     1 |
|     273 |     1 |
|     274 |     1 |
|     275 |     1 |
|     276 |     1 |
|     277 |     1 |
|     278 |     1 |
|     279 |     1 |
|     280 |     1 |
|     281 |     1 |
|     282 |     1 |
|     283 |     1 |
|     284 |     1 |
|     285 |     1 |
|     286 |     1 |
|     287 |     1 |
|     288 |     1 |
|     289 |     1 |
|     290 |     1 |
|     291 |     1 |
|     292 |     1 |
|     293 |     1 |
|     294 |     1 |
|     295 |     1 |
|     296 |     1 |
|     297 |     1 |
|     298 |     1 |
|     299 |     1 |
|     300 |     1 |
|     301 |     1 |
|     302 |     1 |
|     303 |     1 |
|     304 |     1 |
|     305 |     1 |
|     306 |     1 |
|     307 |     1 |
|     308 |     1 |
|     309 |     1 |
|     310 |     1 |
|     311 |     1 |
|     312 |     1 |
|     313 |     1 |
|     314 |     1 |
|     315 |     1 |
|     316 |     1 |
|     317 |     1 |
|     318 |     1 |
|     319 |     1 |
|     320 |     1 |
|     321 |     1 |
|     322 |     1 |
|     323 |     1 |
|     324 |     1 |
|     325 |     1 |
|     326 |     1 |
|     327 |     1 |
|     328 |     1 |
|     329 |     1 |
|     330 |     1 |
|     331 |     1 |
|     332 |     1 |
|     333 |     1 |
|     334 |     1 |
|     335 |     1 |
|     336 |     1 |
|     337 |     1 |
|     338 |     1 |
|     339 |     1 |
|     340 |     1 |
|     341 |     1 |
|     342 |     1 |
|     343 |     1 |
|     344 |     1 |
|     345 |     1 |
|     346 |     1 |
|     347 |     1 |
|     348 |     1 |
|     349 |     1 |
|     350 |     1 |
|     351 |     1 |
|     352 |     1 |
|     353 |     1 |
|     354 |     1 |
|     355 |     1 |
|     356 |     1 |
|     357 |     1 |
|     358 |     1 |
|     359 |     1 |
|     360 |     1 |
|     361 |     1 |
|     362 |     1 |
|     363 |     1 |
|     364 |     1 |
|     365 |     1 |
|     366 |     1 |
|     367 |     1 |
|     368 |     1 |
|     369 |     1 |
|     370 |     1 |
|     371 |     1 |
|     372 |     1 |
|     373 |     1 |
|     374 |     1 |
|     375 |     1 |
|     376 |     1 |
|     377 |     1 |
|     378 |     1 |
|     379 |     1 |
|     380 |     1 |
|     381 |     1 |
|     382 |     1 |
|     383 |     1 |
|     384 |     1 |
|     385 |     1 |
|     386 |     1 |
|     387 |     1 |
|     388 |     1 |
|     389 |     1 |
|     390 |     1 |
|     391 |     1 |
|     392 |     1 |
|     393 |     1 |
|     394 |     1 |
|     395 |     1 |
|     396 |     1 |
|     397 |     1 |
|     398 |     1 |
|     399 |     1 |
|     400 |     1 |
|     401 |     1 |
|     402 |     1 |
|     403 |     1 |
|     404 |     1 |
|     405 |     1 |
|     406 |     1 |
|     407 |     1 |
|     408 |     1 |
|     409 |     1 |
|     410 |     1 |
|     411 |     1 |
|     412 |     1 |
|     413 |     1 |
|     414 |     1 |
|     415 |     1 |
|     416 |     1 |
|     417 |     1 |
|     418 |     1 |
|     419 |     1 |
|     420 |     1 |
|     421 |     1 |
|     422 |     1 |
|     423 |     1 |
|     424 |     1 |
|     425 |     1 |
|     426 |     1 |
|     427 |     1 |
|     428 |     1 |
|     429 |     1 |
|     430 |     1 |
|     431 |     1 |
|     432 |     1 |
|     433 |     1 |
|     434 |     1 |
|     435 |     1 |
|     436 |     1 |
|     437 |     1 |
|     438 |     1 |
|     439 |     1 |
|     440 |     1 |
|     441 |     1 |
|     442 |     1 |
|     443 |     1 |
|     444 |     1 |
|     445 |     1 |
|     446 |     1 |
|     447 |     1 |
|     448 |     1 |
|     449 |     1 |
|     450 |     1 |
|     451 |     1 |
|     452 |     1 |
|     453 |     1 |
|     454 |     1 |
|     455 |     1 |
|     456 |     1 |
|     457 |     1 |
|     458 |     1 |
|     459 |     1 |
|     460 |     1 |
|     461 |     1 |
|     462 |     1 |
|     463 |     1 |
|     464 |     1 |
|     465 |     1 |
|     466 |     1 |
|     467 |     1 |
|     468 |     1 |
|     469 |     1 |
|     470 |     1 |
|     471 |     1 |
|     472 |     1 |
|     473 |     1 |
|     474 |     1 |
|     475 |     1 |
|     476 |     1 |
|     477 |     1 |
|     478 |     1 |
|     479 |     1 |
|     480 |     1 |
|     481 |     1 |
|     482 |     1 |
|     483 |     1 |
|     484 |     1 |
|     485 |     1 |
|     486 |     1 |
|     487 |     1 |
|     488 |     1 |
|     489 |     1 |
|     490 |     1 |
|     491 |     1 |
|     492 |     1 |
|     493 |     1 |
|     494 |     1 |
|     495 |     1 |
|     496 |     1 |
|     497 |     1 |
|     498 |     1 |
|     499 |     1 |
|     500 |     1 |
|     501 |     1 |
|     502 |     1 |
|     503 |     1 |
|     504 |     1 |
|     505 |     1 |
|     506 |     1 |
|     507 |     1 |
|     508 |     1 |
|     509 |     1 |
|     510 |     1 |
|     511 |     1 |
|     512 |     1 |
|     513 |     1 |
|     514 |     1 |
|     515 |     1 |
|     516 |     1 |
|     517 |     1 |
|     518 |     1 |
|     519 |     1 |
|     520 |     1 |
|     521 |     1 |
|     522 |     1 |
|     523 |     1 |
|     524 |     1 |
|     525 |     1 |
|     526 |     1 |
|     527 |     1 |
|     528 |     1 |
|     529 |     1 |
|     530 |     1 |
|     531 |     1 |
|     532 |     1 |
|     533 |     1 |
|     534 |     1 |
|     535 |     1 |
|     536 |     1 |
|     537 |     1 |
|     538 |     1 |
|     539 |     1 |
|     540 |     1 |
|     541 |     1 |
|     542 |     1 |
|     543 |     1 |
|     544 |     1 |
|     545 |     1 |
|     546 |     1 |
|     547 |     1 |
|     548 |     1 |
|     549 |     1 |
|     550 |     1 |
|     551 |     1 |
|     552 |     1 |
|     553 |     1 |
|     554 |     1 |
|     555 |     1 |
|     556 |     1 |
|     557 |     1 |
|     558 |     1 |
|     559 |     1 |
|     560 |     1 |
|     561 |     1 |
|     562 |     1 |
|     563 |     1 |
|     564 |     1 |
|     565 |     1 |
|     566 |     1 |
|     567 |     1 |
|     568 |     1 |
|     569 |     1 |
|     570 |     1 |
|     571 |     1 |
|     572 |     1 |
|     573 |     1 |
|     574 |     1 |
|     575 |     1 |
|     576 |     1 |
|     577 |     1 |
|     578 |     1 |
|     579 |     1 |
|     580 |     1 |
|     581 |     1 |
|     582 |     1 |
|     583 |     1 |
|     584 |     1 |
|     585 |     1 |
|     586 |     1 |
|     587 |     1 |
|     588 |     1 |
|     589 |     1 |
|     590 |     1 |
|     591 |     1 |
|     592 |     1 |
|     593 |     1 |
|     594 |     1 |
|     595 |     1 |
|     596 |     1 |
|     597 |     1 |
|     598 |     1 |
|     599 |     1 |
|     600 |     1 |
|     601 |     1 |
|     602 |     1 |
|     603 |     1 |
|     604 |     1 |
|     605 |     1 |
|     606 |     1 |
|     607 |     1 |
|     608 |     1 |
|     609 |     1 |
|     610 |     1 |
|     611 |     1 |
|     612 |     1 |
|     613 |     1 |
|     614 |     1 |
|     615 |     1 |
|     616 |     1 |
|     617 |     1 |
|     618 |     1 |
|     619 |     1 |
|     620 |     1 |
|     621 |     1 |
|     622 |     1 |
|     623 |     1 |
|     624 |     1 |
|     625 |     1 |
|     626 |     1 |
|     627 |     1 |
|     628 |     1 |
|     629 |     1 |
|     630 |     1 |
|     631 |     1 |
|     632 |     1 |
|     633 |     1 |
|     634 |     1 |
|     635 |     1 |
|     636 |     1 |
|     637 |     1 |
|     638 |     1 |
|     639 |     1 |
|     640 |     1 |
|     641 |     1 |
|     642 |     1 |
|     643 |     1 |
|     644 |     1 |
|     645 |     1 |
|     646 |     1 |
|     647 |     1 |
|     648 |     1 |
|     649 |     1 |
|     650 |     1 |
|     651 |     1 |
|     652 |     1 |
|     653 |     1 |
|     654 |     1 |
|     655 |     1 |
|     656 |     1 |
|     657 |     1 |
|     658 |     1 |
|     659 |     1 |
|     660 |     1 |
|     661 |     1 |
|     662 |     1 |
|     663 |     1 |
|     664 |     1 |
|     665 |     1 |
|     666 |     1 |
|     667 |     1 |
|     668 |     1 |
|     669 |     1 |
|     670 |     1 |
|     671 |     1 |
|     672 |     1 |
|     673 |     1 |
|     674 |     1 |
|     675 |     1 |
|     676 |     1 |
|     677 |     1 |
|     678 |     1 |
|     679 |     1 |
|     680 |     1 |
|     681 |     1 |
|     682 |     1 |
|     683 |     1 |
|     684 |     1 |
|     685 |     1 |
|     686 |     1 |
|     687 |     1 |
|     688 |     1 |
|     689 |     1 |
|     690 |     1 |
|     691 |     1 |
|     692 |     1 |
|     693 |     1 |
|     694 |     1 |
|     695 |     1 |
|     696 |     1 |
|     697 |     1 |
|     698 |     1 |
|     699 |     1 |
|     700 |     1 |
|     701 |     1 |
|     702 |     1 |
|     703 |     1 |
|     704 |     1 |
|     705 |     1 |
|     706 |     1 |
|     707 |     1 |
|     708 |     1 |
|     709 |     1 |
|     710 |     1 |
|     711 |     1 |
|     712 |     1 |
|     713 |     1 |
|     714 |     1 |
|     715 |     1 |
|     716 |     1 |
|     717 |     1 |
|     718 |     1 |
|     719 |     1 |
|     720 |     1 |
|     721 |     1 |
|     722 |     1 |
|     723 |     1 |
|     724 |     1 |
|     725 |     1 |
|     726 |     1 |
|     727 |     1 |
|     728 |     1 |
|     729 |     1 |
|     730 |     1 |
|     731 |     1 |
|     732 |     1 |
|     733 |     1 |
|     734 |     1 |
|     735 |     1 |
|     736 |     1 |
|     737 |     1 |
|     738 |     1 |
|     739 |     1 |
|     740 |     1 |
|     741 |     1 |
|     742 |     1 |
|     743 |     1 |
|     744 |     1 |
|     745 |     1 |
|     746 |     1 |
|     747 |     1 |
|     748 |     1 |
|     749 |     1 |
|     750 |     1 |
|     751 |     1 |
|     752 |     1 |
|     753 |     1 |
|     754 |     1 |
|     755 |     1 |
|     756 |     1 |
|     757 |     1 |
|     758 |     1 |
|     759 |     1 |
|     760 |     1 |
|     761 |     1 |
|     762 |     1 |
|     763 |     1 |
|     764 |     1 |
|     765 |     1 |
|     766 |     1 |
|     767 |     1 |
|     768 |     1 |
|     769 |     1 |
|     770 |     1 |
|     771 |     1 |
|     772 |     1 |
|     773 |     1 |
|     774 |     1 |
|     775 |     1 |
|     776 |     1 |
|     777 |     1 |
|     778 |     1 |
|     779 |     1 |
|     780 |     1 |
|     781 |     1 |
|     782 |     1 |
|     783 |     1 |
|     784 |     1 |
|     785 |     1 |
|     786 |     1 |
|     787 |     1 |
|     788 |     1 |
|     789 |     1 |
|     790 |     1 |
|     791 |     1 |
|     792 |     1 |
|     793 |     1 |
|     794 |     1 |
|     795 |     1 |
|     796 |     1 |
|     797 |     1 |
|     798 |     1 |
|     799 |     1 |
|     800 |     1 |
|     801 |     1 |
|     802 |     1 |
|     803 |     1 |
|     804 |     1 |
|     805 |     1 |
|     806 |     1 |
|     807 |     1 |
|     808 |     1 |
|     809 |     1 |
|     810 |     1 |
|     811 |     1 |
|     812 |     1 |
|     813 |     1 |
|     814 |     1 |
|     815 |     1 |
|     816 |     1 |
|     817 |     1 |
|     818 |     1 |
|     819 |     1 |
|     820 |     1 |
|     821 |     1 |
|     822 |     1 |
|     823 |     1 |
|     824 |     1 |
|     825 |     1 |
|     826 |     1 |
|     827 |     1 |
|     828 |     1 |
|     829 |     1 |
|     830 |     1 |
|     831 |     1 |
|     832 |     1 |
|     833 |     1 |
|     834 |     1 |
|     835 |     1 |
|     836 |     1 |
|     837 |     1 |
|     838 |     1 |
|     839 |     1 |
|     840 |     1 |
|     841 |     1 |
|     842 |     1 |
|     843 |     1 |
|     844 |     1 |
|     845 |     1 |
|     846 |     1 |
|     847 |     1 |
|     848 |     1 |
|     849 |     1 |
|     850 |     1 |
|     851 |     1 |
|     852 |     1 |
|     853 |     1 |
|     854 |     1 |
|     855 |     1 |
|     856 |     1 |
|     857 |     1 |
|     858 |     1 |
|     859 |     1 |
|     860 |     1 |
|     861 |     1 |
|     862 |     1 |
|     863 |     1 |
|     864 |     1 |
|     865 |     1 |
|     866 |     1 |
|     867 |     1 |
|     868 |     1 |
|     869 |     1 |
|     870 |     1 |
|     871 |     1 |
|     872 |     1 |
|     873 |     1 |
|     874 |     1 |
|     875 |     1 |
|     876 |     1 |
|     877 |     1 |
|     878 |     1 |
|     879 |     1 |
|     880 |     1 |
|     881 |     1 |
|     882 |     1 |
|     883 |     1 |
|     884 |     1 |
|     885 |     1 |
|     886 |     1 |
|     887 |     1 |
|     888 |     1 |
|     889 |     1 |
|     890 |     1 |
|     891 |     1 |
|     892 |     1 |
|     893 |     1 |
|     894 |     1 |
|     895 |     1 |
|     896 |     1 |
|     897 |     1 |
|     898 |     1 |
|     899 |     1 |
|     900 |     1 |
|     901 |     1 |
|     902 |     1 |
|     903 |     1 |
|     904 |     1 |
|     905 |     1 |
|     906 |     1 |
|     907 |     1 |
|     908 |     1 |
|     909 |     1 |
|     910 |     1 |
|     911 |     1 |
|     912 |     1 |
|     913 |     1 |
|     914 |     1 |
|     915 |     1 |
|     916 |     1 |
|     917 |     1 |
|     918 |     1 |
|     919 |     1 |
|     920 |     1 |
|     921 |     1 |
|     922 |     1 |
|     923 |     1 |
|     924 |     1 |
|     925 |     1 |
|     926 |     1 |
|     927 |     1 |
|     928 |     1 |
|     929 |     1 |
|     930 |     1 |
|     931 |     1 |
|     932 |     1 |
|     933 |     1 |
|     934 |     1 |
|     935 |     1 |
|     936 |     1 |
|     937 |     1 |
|     938 |     1 |
|     939 |     1 |
|     940 |     1 |
|     941 |     1 |
|     942 |     1 |
|     943 |     1 |
|     944 |     1 |
|     945 |     1 |
|     946 |     1 |
|     947 |     1 |
|     948 |     1 |
|     949 |     1 |
|     950 |     1 |
|     951 |     1 |
|     952 |     1 |
|     953 |     1 |
|     954 |     1 |
|     955 |     1 |
|     956 |     1 |
|     957 |     1 |
|     958 |     1 |
|     959 |     1 |
|     960 |     1 |
|     961 |     1 |
|     962 |     1 |
|     963 |     1 |
|     964 |     1 |
|     965 |     1 |
|     966 |     1 |
|     967 |     1 |
|     968 |     1 |
|     969 |     1 |
|     970 |     1 |
|     971 |     1 |
|     972 |     1 |
|     973 |     1 |
|     974 |     1 |
|     975 |     1 |
|     976 |     1 |
|     977 |     1 |
|     978 |     1 |
|     979 |     1 |
|     980 |     1 |
|     981 |     1 |
|     982 |     1 |
|     983 |     1 |
|     984 |     1 |
|     985 |     1 |
|     986 |     1 |
|     987 |     1 |
|     988 |     1 |
|     989 |     1 |
|     990 |     1 |
|     991 |     1 |
|     992 |     1 |
|     993 |     1 |
|     994 |     1 |
|     995 |     1 |
|     996 |     1 |
|     997 |     1 |
|     998 |     1 |
|     999 |     1 |
|    1000 |     1 |
+---------+-------+
1000 rows in set (0.0895 sec)
 MySQL  localhost:3306 ssl  sakila  SQL > select language_id, count(film_id)
                                       -> from film
                                       -> group by language_id;
+-------------+----------------+
| language_id | count(film_id) |
+-------------+----------------+
|           1 |           1000 |
+-------------+----------------+
1 row in set (0.0784 sec)
 MySQL  localhost:3306 ssl  sakila  SQL > select raiting, count(film_id) from film  group by rating;
ERROR: 1054 (42S22): Unknown column 'raiting' in 'field list'
 MySQL  localhost:3306 ssl  sakila  SQL > select rating, count(film_id) from film  group by rating;
+--------+----------------+
| rating | count(film_id) |
+--------+----------------+
| PG     |            194 |
| G      |            178 |
| NC-17  |            210 |
| PG-13  |            223 |
| R      |            195 |
+--------+----------------+
5 rows in set (0.0066 sec)
 MySQL  localhost:3306 ssl  sakila  SQL >